[2026-02-20 12:43:31] production.ERROR: The D:\repos\laravel-ai-honeypot\bootstrap\cache directory must be present and writable. {"exception":"[object] (Exception(code: 0): The D:\\repos\\laravel-ai-honeypot\\bootstrap\\cache directory must be present and writable. at D:/repos/laravel-ai-honeypot/vendor/laravel/framework/src/Illuminate/Foundation/PackageManifest.php:179)
[stacktrace]
#0 D:/repos/laravel-ai-honeypot/vendor/laravel/framework/src/Illuminate/Foundation/PackageManifest.php(132): Illuminate/Foundation/PackageManifest->write(Array)
#1 D:/repos/laravel-ai-honeypot/vendor/laravel/framework/src/Illuminate/Foundation/PackageManifest.php(108): Illuminate/Foundation/PackageManifest->build()
#2 D:/repos/laravel-ai-honeypot/vendor/laravel/framework/src/Illuminate/Foundation/PackageManifest.php(90): Illuminate/Foundation/PackageManifest->getManifest()
#3 D:/repos/laravel-ai-honeypot/vendor/laravel/framework/src/Illuminate/Foundation/PackageManifest.php(79): Illuminate/Foundation/PackageManifest->config('aliases')
#4 D:/repos/laravel-ai-honeypot/vendor/laravel/framework/src/Illuminate/Foundation/Bootstrap/RegisterFacades.php(26): Illuminate/Foundation/PackageManifest->aliases()
#5 D:/repos/laravel-ai-honeypot/vendor/laravel/framework/src/Illuminate/Foundation/Application.php(342): Illuminate/Foundation/Bootstrap/RegisterFacades->bootstrap(Object(Illuminate/Foundation/Application))
#6 D:/repos/laravel-ai-honeypot/vendor/laravel/framework/src/Illuminate/Foundation/Console/Kernel.php(494): Illuminate/Foundation/Application->bootstrapWith(Array)
#7 D:/repos/laravel-ai-honeypot/vendor/laravel/framework/src/Illuminate/Foundation/Console/Kernel.php(196): Illuminate/Foundation/Console/Kernel->bootstrap()
#8 D:/repos/laravel-ai-honeypot/vendor/laravel/framework/src/Illuminate/Foundation/Application.php(1235): Illuminate/Foundation/Console/Kernel->handle(Object(Symfony/Component/Console/Input/ArgvInput), Object(Symfony/Component/Console/Output/ConsoleOutput))
#9 D:/repos/laravel-ai-honeypot/artisan(13): Illuminate/Foundation/Application->handleCommand(Object(Symfony/Component/Console/Input/ArgvInput))
#10 {main}
"} 
[2026-02-20 12:44:06] production.ERROR: Unable to detect application namespace. {"exception":"[object] (RuntimeException(code: 0): Unable to detect application namespace. at D:/repos/laravel-ai-honeypot/vendor/laravel/framework/src/Illuminate/Foundation/Application.php:1733)
[stacktrace]
#0 D:/repos/laravel-ai-honeypot/vendor/orchestra/canvas-core/src/Presets/Laravel.php(90): Illuminate/Foundation/Application->getNamespace()
#1 D:/repos/laravel-ai-honeypot/vendor/orchestra/canvas-core/src/Concerns/UsesGeneratorOverrides.php(44): Orchestra/Canvas/Core/Presets/Laravel->rootNamespace()
#2 D:/repos/laravel-ai-honeypot/vendor/orchestra/canvas/src/Console/MiddlewareMakeCommand.php(67): Orchestra/Canvas/Console/MiddlewareMakeCommand->rootNamespaceUsingCanvas()
#3 D:/repos/laravel-ai-honeypot/vendor/laravel/framework/src/Illuminate/Console/GeneratorCommand.php(212): Orchestra/Canvas/Console/MiddlewareMakeCommand->rootNamespace()
#4 D:/repos/laravel-ai-honeypot/vendor/orchestra/canvas-core/src/Concerns/CodeGenerator.php(20): Illuminate/Console/GeneratorCommand->qualifyClass('AiHoneypot')
#5 D:/repos/laravel-ai-honeypot/vendor/orchestra/canvas/src/Console/MiddlewareMakeCommand.php(44): Orchestra/Canvas/Console/MiddlewareMakeCommand->generateCode()
#6 D:/repos/laravel-ai-honeypot/vendor/laravel/framework/src/Illuminate/Container/BoundMethod.php(36): Orchestra/Canvas/Console/MiddlewareMakeCommand->handle()
#7 D:/repos/laravel-ai-honeypot/vendor/laravel/framework/src/Illuminate/Container/Util.php(43): Illuminate/Container/BoundMethod::Illuminate/Container/{closure}()
#8 D:/repos/laravel-ai-honeypot/vendor/laravel/framework/src/Illuminate/Container/BoundMethod.php(96): Illuminate/Container/Util::unwrapIfClosure(Object(Closure))
#9 D:/repos/laravel-ai-honeypot/vendor/laravel/framework/src/Illuminate/Container/BoundMethod.php(35): Illuminate/Container/BoundMethod::callBoundMethod(Object(Illuminate/Foundation/Application), Array, Object(Closure))
#10 D:/repos/laravel-ai-honeypot/vendor/laravel/framework/src/Illuminate/Container/Container.php(799): Illuminate/Container/BoundMethod::call(Object(Illuminate/Foundation/Application), Array, Array, NULL)
#11 D:/repos/laravel-ai-honeypot/vendor/laravel/framework/src/Illuminate/Console/Command.php(211): Illuminate/Container/Container->call(Array)
#12 D:/repos/laravel-ai-honeypot/vendor/symfony/console/Command/Command.php(341): Illuminate/Console/Command->execute(Object(Symfony/Component/Console/Input/ArgvInput), Object(Illuminate/Console/OutputStyle))
#13 D:/repos/laravel-ai-honeypot/vendor/laravel/framework/src/Illuminate/Console/Command.php(180): Symfony/Component/Console/Command/Command->run(Object(Symfony/Component/Console/Input/ArgvInput), Object(Illuminate/Console/OutputStyle))
#14 D:/repos/laravel-ai-honeypot/vendor/symfony/console/Application.php(1102): Illuminate/Console/Command->run(Object(Symfony/Component/Console/Input/ArgvInput), Object(Symfony/Component/Console/Output/ConsoleOutput))
#15 D:/repos/laravel-ai-honeypot/vendor/symfony/console/Application.php(356): Symfony/Component/Console/Application->doRunCommand(Object(Orchestra/Canvas/Console/MiddlewareMakeCommand), Object(Symfony/Component/Console/Input/ArgvInput), Object(Symfony/Component/Console/Output/ConsoleOutput))
#16 D:/repos/laravel-ai-honeypot/vendor/symfony/console/Application.php(195): Symfony/Component/Console/Application->doRun(Object(Symfony/Component/Console/Input/ArgvInput), Object(Symfony/Component/Console/Output/ConsoleOutput))
#17 D:/repos/laravel-ai-honeypot/vendor/laravel/framework/src/Illuminate/Foundation/Console/Kernel.php(198): Symfony/Component/Console/Application->run(Object(Symfony/Component/Console/Input/ArgvInput), Object(Symfony/Component/Console/Output/ConsoleOutput))
#18 D:/repos/laravel-ai-honeypot/vendor/laravel/framework/src/Illuminate/Foundation/Application.php(1235): Illuminate/Foundation/Console/Kernel->handle(Object(Symfony/Component/Console/Input/ArgvInput), Object(Symfony/Component/Console/Output/ConsoleOutput))
#19 D:/repos/laravel-ai-honeypot/artisan(13): Illuminate/Foundation/Application->handleCommand(Object(Symfony/Component/Console/Input/ArgvInput))
#20 {main}
"} 
[2026-02-20 12:45:16] production.ERROR: Unable to detect application namespace. {"exception":"[object] (RuntimeException(code: 0): Unable to detect application namespace. at D:/repos/laravel-ai-honeypot/vendor/laravel/framework/src/Illuminate/Foundation/Application.php:1733)
[stacktrace]
#0 D:/repos/laravel-ai-honeypot/vendor/orchestra/canvas-core/src/Presets/Laravel.php(90): Illuminate/Foundation/Application->getNamespace()
#1 D:/repos/laravel-ai-honeypot/vendor/orchestra/canvas-core/src/Concerns/UsesGeneratorOverrides.php(44): Orchestra/Canvas/Core/Presets/Laravel->rootNamespace()
#2 D:/repos/laravel-ai-honeypot/vendor/orchestra/canvas/src/Console/MiddlewareMakeCommand.php(67): Orchestra/Canvas/Console/MiddlewareMakeCommand->rootNamespaceUsingCanvas()
#3 D:/repos/laravel-ai-honeypot/vendor/laravel/framework/src/Illuminate/Console/GeneratorCommand.php(212): Orchestra/Canvas/Console/MiddlewareMakeCommand->rootNamespace()
#4 D:/repos/laravel-ai-honeypot/vendor/orchestra/canvas-core/src/Concerns/CodeGenerator.php(20): Illuminate/Console/GeneratorCommand->qualifyClass('AiHoneypot')
#5 D:/repos/laravel-ai-honeypot/vendor/orchestra/canvas/src/Console/MiddlewareMakeCommand.php(44): Orchestra/Canvas/Console/MiddlewareMakeCommand->generateCode()
#6 D:/repos/laravel-ai-honeypot/vendor/laravel/framework/src/Illuminate/Container/BoundMethod.php(36): Orchestra/Canvas/Console/MiddlewareMakeCommand->handle()
#7 D:/repos/laravel-ai-honeypot/vendor/laravel/framework/src/Illuminate/Container/Util.php(43): Illuminate/Container/BoundMethod::Illuminate/Container/{closure}()
#8 D:/repos/laravel-ai-honeypot/vendor/laravel/framework/src/Illuminate/Container/BoundMethod.php(96): Illuminate/Container/Util::unwrapIfClosure(Object(Closure))
#9 D:/repos/laravel-ai-honeypot/vendor/laravel/framework/src/Illuminate/Container/BoundMethod.php(35): Illuminate/Container/BoundMethod::callBoundMethod(Object(Illuminate/Foundation/Application), Array, Object(Closure))
#10 D:/repos/laravel-ai-honeypot/vendor/laravel/framework/src/Illuminate/Container/Container.php(799): Illuminate/Container/BoundMethod::call(Object(Illuminate/Foundation/Application), Array, Array, NULL)
#11 D:/repos/laravel-ai-honeypot/vendor/laravel/framework/src/Illuminate/Console/Command.php(211): Illuminate/Container/Container->call(Array)
#12 D:/repos/laravel-ai-honeypot/vendor/symfony/console/Command/Command.php(341): Illuminate/Console/Command->execute(Object(Symfony/Component/Console/Input/ArgvInput), Object(Illuminate/Console/OutputStyle))
#13 D:/repos/laravel-ai-honeypot/vendor/laravel/framework/src/Illuminate/Console/Command.php(180): Symfony/Component/Console/Command/Command->run(Object(Symfony/Component/Console/Input/ArgvInput), Object(Illuminate/Console/OutputStyle))
#14 D:/repos/laravel-ai-honeypot/vendor/symfony/console/Application.php(1102): Illuminate/Console/Command->run(Object(Symfony/Component/Console/Input/ArgvInput), Object(Symfony/Component/Console/Output/ConsoleOutput))
#15 D:/repos/laravel-ai-honeypot/vendor/symfony/console/Application.php(356): Symfony/Component/Console/Application->doRunCommand(Object(Orchestra/Canvas/Console/MiddlewareMakeCommand), Object(Symfony/Component/Console/Input/ArgvInput), Object(Symfony/Component/Console/Output/ConsoleOutput))
#16 D:/repos/laravel-ai-honeypot/vendor/symfony/console/Application.php(195): Symfony/Component/Console/Application->doRun(Object(Symfony/Component/Console/Input/ArgvInput), Object(Symfony/Component/Console/Output/ConsoleOutput))
#17 D:/repos/laravel-ai-honeypot/vendor/laravel/framework/src/Illuminate/Foundation/Console/Kernel.php(198): Symfony/Component/Console/Application->run(Object(Symfony/Component/Console/Input/ArgvInput), Object(Symfony/Component/Console/Output/ConsoleOutput))
#18 D:/repos/laravel-ai-honeypot/vendor/laravel/framework/src/Illuminate/Foundation/Application.php(1235): Illuminate/Foundation/Console/Kernel->handle(Object(Symfony/Component/Console/Input/ArgvInput), Object(Symfony/Component/Console/Output/ConsoleOutput))
#19 D:/repos/laravel-ai-honeypot/artisan(13): Illuminate/Foundation/Application->handleCommand(Object(Symfony/Component/Console/Input/ArgvInput))
#20 {main}
"} 
[2026-02-20 12:47:35] production.ERROR: Unable to detect application namespace. {"exception":"[object] (RuntimeException(code: 0): Unable to detect application namespace. at D:/repos/laravel-ai-honeypot/vendor/laravel/framework/src/Illuminate/Foundation/Application.php:1733)
[stacktrace]
#0 D:/repos/laravel-ai-honeypot/vendor/orchestra/canvas-core/src/Presets/Laravel.php(90): Illuminate/Foundation/Application->getNamespace()
#1 D:/repos/laravel-ai-honeypot/vendor/orchestra/canvas-core/src/Concerns/UsesGeneratorOverrides.php(44): Orchestra/Canvas/Core/Presets/Laravel->rootNamespace()
#2 D:/repos/laravel-ai-honeypot/vendor/orchestra/canvas/src/Console/MiddlewareMakeCommand.php(67): Orchestra/Canvas/Console/MiddlewareMakeCommand->rootNamespaceUsingCanvas()
#3 D:/repos/laravel-ai-honeypot/vendor/laravel/framework/src/Illuminate/Console/GeneratorCommand.php(212): Orchestra/Canvas/Console/MiddlewareMakeCommand->rootNamespace()
#4 D:/repos/laravel-ai-honeypot/vendor/orchestra/canvas-core/src/Concerns/CodeGenerator.php(20): Illuminate/Console/GeneratorCommand->qualifyClass('AiHoneypot')
#5 D:/repos/laravel-ai-honeypot/vendor/orchestra/canvas/src/Console/MiddlewareMakeCommand.php(44): Orchestra/Canvas/Console/MiddlewareMakeCommand->generateCode()
#6 D:/repos/laravel-ai-honeypot/vendor/laravel/framework/src/Illuminate/Container/BoundMethod.php(36): Orchestra/Canvas/Console/MiddlewareMakeCommand->handle()
#7 D:/repos/laravel-ai-honeypot/vendor/laravel/framework/src/Illuminate/Container/Util.php(43): Illuminate/Container/BoundMethod::Illuminate/Container/{closure}()
#8 D:/repos/laravel-ai-honeypot/vendor/laravel/framework/src/Illuminate/Container/BoundMethod.php(96): Illuminate/Container/Util::unwrapIfClosure(Object(Closure))
#9 D:/repos/laravel-ai-honeypot/vendor/laravel/framework/src/Illuminate/Container/BoundMethod.php(35): Illuminate/Container/BoundMethod::callBoundMethod(Object(Illuminate/Foundation/Application), Array, Object(Closure))
#10 D:/repos/laravel-ai-honeypot/vendor/laravel/framework/src/Illuminate/Container/Container.php(799): Illuminate/Container/BoundMethod::call(Object(Illuminate/Foundation/Application), Array, Array, NULL)
#11 D:/repos/laravel-ai-honeypot/vendor/laravel/framework/src/Illuminate/Console/Command.php(211): Illuminate/Container/Container->call(Array)
#12 D:/repos/laravel-ai-honeypot/vendor/symfony/console/Command/Command.php(341): Illuminate/Console/Command->execute(Object(Symfony/Component/Console/Input/ArgvInput), Object(Illuminate/Console/OutputStyle))
#13 D:/repos/laravel-ai-honeypot/vendor/laravel/framework/src/Illuminate/Console/Command.php(180): Symfony/Component/Console/Command/Command->run(Object(Symfony/Component/Console/Input/ArgvInput), Object(Illuminate/Console/OutputStyle))
#14 D:/repos/laravel-ai-honeypot/vendor/symfony/console/Application.php(1102): Illuminate/Console/Command->run(Object(Symfony/Component/Console/Input/ArgvInput), Object(Symfony/Component/Console/Output/ConsoleOutput))
#15 D:/repos/laravel-ai-honeypot/vendor/symfony/console/Application.php(356): Symfony/Component/Console/Application->doRunCommand(Object(Orchestra/Canvas/Console/MiddlewareMakeCommand), Object(Symfony/Component/Console/Input/ArgvInput), Object(Symfony/Component/Console/Output/ConsoleOutput))
#16 D:/repos/laravel-ai-honeypot/vendor/symfony/console/Application.php(195): Symfony/Component/Console/Application->doRun(Object(Symfony/Component/Console/Input/ArgvInput), Object(Symfony/Component/Console/Output/ConsoleOutput))
#17 D:/repos/laravel-ai-honeypot/vendor/laravel/framework/src/Illuminate/Foundation/Console/Kernel.php(198): Symfony/Component/Console/Application->run(Object(Symfony/Component/Console/Input/ArgvInput), Object(Symfony/Component/Console/Output/ConsoleOutput))
#18 D:/repos/laravel-ai-honeypot/vendor/laravel/framework/src/Illuminate/Foundation/Application.php(1235): Illuminate/Foundation/Console/Kernel->handle(Object(Symfony/Component/Console/Input/ArgvInput), Object(Symfony/Component/Console/Output/ConsoleOutput))
#19 D:/repos/laravel-ai-honeypot/artisan(13): Illuminate/Foundation/Application->handleCommand(Object(Symfony/Component/Console/Input/ArgvInput))
#20 {main}
"} 
[2026-02-20 12:50:57] production.ERROR: Unable to detect application namespace. {"exception":"[object] (RuntimeException(code: 0): Unable to detect application namespace. at D:/repos/laravel-ai-honeypot/vendor/laravel/framework/src/Illuminate/Foundation/Application.php:1733)
[stacktrace]
#0 D:/repos/laravel-ai-honeypot/vendor/orchestra/canvas-core/src/Presets/Laravel.php(90): Illuminate/Foundation/Application->getNamespace()
#1 D:/repos/laravel-ai-honeypot/vendor/orchestra/canvas-core/src/Concerns/UsesGeneratorOverrides.php(44): Orchestra/Canvas/Core/Presets/Laravel->rootNamespace()
#2 D:/repos/laravel-ai-honeypot/vendor/orchestra/canvas/src/Console/MiddlewareMakeCommand.php(67): Orchestra/Canvas/Console/MiddlewareMakeCommand->rootNamespaceUsingCanvas()
#3 D:/repos/laravel-ai-honeypot/vendor/laravel/framework/src/Illuminate/Console/GeneratorCommand.php(212): Orchestra/Canvas/Console/MiddlewareMakeCommand->rootNamespace()
#4 D:/repos/laravel-ai-honeypot/vendor/orchestra/canvas-core/src/Concerns/CodeGenerator.php(20): Illuminate/Console/GeneratorCommand->qualifyClass('AiHoneypot')
#5 D:/repos/laravel-ai-honeypot/vendor/orchestra/canvas/src/Console/MiddlewareMakeCommand.php(44): Orchestra/Canvas/Console/MiddlewareMakeCommand->generateCode()
#6 D:/repos/laravel-ai-honeypot/vendor/laravel/framework/src/Illuminate/Container/BoundMethod.php(36): Orchestra/Canvas/Console/MiddlewareMakeCommand->handle()
#7 D:/repos/laravel-ai-honeypot/vendor/laravel/framework/src/Illuminate/Container/Util.php(43): Illuminate/Container/BoundMethod::Illuminate/Container/{closure}()
#8 D:/repos/laravel-ai-honeypot/vendor/laravel/framework/src/Illuminate/Container/BoundMethod.php(96): Illuminate/Container/Util::unwrapIfClosure(Object(Closure))
#9 D:/repos/laravel-ai-honeypot/vendor/laravel/framework/src/Illuminate/Container/BoundMethod.php(35): Illuminate/Container/BoundMethod::callBoundMethod(Object(Illuminate/Foundation/Application), Array, Object(Closure))
#10 D:/repos/laravel-ai-honeypot/vendor/laravel/framework/src/Illuminate/Container/Container.php(799): Illuminate/Container/BoundMethod::call(Object(Illuminate/Foundation/Application), Array, Array, NULL)
#11 D:/repos/laravel-ai-honeypot/vendor/laravel/framework/src/Illuminate/Console/Command.php(211): Illuminate/Container/Container->call(Array)
#12 D:/repos/laravel-ai-honeypot/vendor/symfony/console/Command/Command.php(341): Illuminate/Console/Command->execute(Object(Symfony/Component/Console/Input/ArgvInput), Object(Illuminate/Console/OutputStyle))
#13 D:/repos/laravel-ai-honeypot/vendor/laravel/framework/src/Illuminate/Console/Command.php(180): Symfony/Component/Console/Command/Command->run(Object(Symfony/Component/Console/Input/ArgvInput), Object(Illuminate/Console/OutputStyle))
#14 D:/repos/laravel-ai-honeypot/vendor/symfony/console/Application.php(1102): Illuminate/Console/Command->run(Object(Symfony/Component/Console/Input/ArgvInput), Object(Symfony/Component/Console/Output/ConsoleOutput))
#15 D:/repos/laravel-ai-honeypot/vendor/symfony/console/Application.php(356): Symfony/Component/Console/Application->doRunCommand(Object(Orchestra/Canvas/Console/MiddlewareMakeCommand), Object(Symfony/Component/Console/Input/ArgvInput), Object(Symfony/Component/Console/Output/ConsoleOutput))
#16 D:/repos/laravel-ai-honeypot/vendor/symfony/console/Application.php(195): Symfony/Component/Console/Application->doRun(Object(Symfony/Component/Console/Input/ArgvInput), Object(Symfony/Component/Console/Output/ConsoleOutput))
#17 D:/repos/laravel-ai-honeypot/vendor/laravel/framework/src/Illuminate/Foundation/Console/Kernel.php(198): Symfony/Component/Console/Application->run(Object(Symfony/Component/Console/Input/ArgvInput), Object(Symfony/Component/Console/Output/ConsoleOutput))
#18 D:/repos/laravel-ai-honeypot/vendor/laravel/framework/src/Illuminate/Foundation/Application.php(1235): Illuminate/Foundation/Console/Kernel->handle(Object(Symfony/Component/Console/Input/ArgvInput), Object(Symfony/Component/Console/Output/ConsoleOutput))
#19 D:/repos/laravel-ai-honeypot/artisan(13): Illuminate/Foundation/Application->handleCommand(Object(Symfony/Component/Console/Input/ArgvInput))
#20 {main}
"} 
[2026-02-20 12:52:32] production.ERROR: Unable to detect application namespace. {"exception":"[object] (RuntimeException(code: 0): Unable to detect application namespace. at D:/repos/laravel-ai-honeypot/vendor/laravel/framework/src/Illuminate/Foundation/Application.php:1733)
[stacktrace]
#0 D:/repos/laravel-ai-honeypot/vendor/orchestra/canvas-core/src/Presets/Laravel.php(90): Illuminate/Foundation/Application->getNamespace()
#1 D:/repos/laravel-ai-honeypot/vendor/orchestra/canvas-core/src/Concerns/UsesGeneratorOverrides.php(44): Orchestra/Canvas/Core/Presets/Laravel->rootNamespace()
#2 D:/repos/laravel-ai-honeypot/vendor/orchestra/canvas/src/Console/MiddlewareMakeCommand.php(67): Orchestra/Canvas/Console/MiddlewareMakeCommand->rootNamespaceUsingCanvas()
#3 D:/repos/laravel-ai-honeypot/vendor/laravel/framework/src/Illuminate/Console/GeneratorCommand.php(212): Orchestra/Canvas/Console/MiddlewareMakeCommand->rootNamespace()
#4 D:/repos/laravel-ai-honeypot/vendor/orchestra/canvas-core/src/Concerns/CodeGenerator.php(20): Illuminate/Console/GeneratorCommand->qualifyClass('AiHoneypot')
#5 D:/repos/laravel-ai-honeypot/vendor/orchestra/canvas/src/Console/MiddlewareMakeCommand.php(44): Orchestra/Canvas/Console/MiddlewareMakeCommand->generateCode()
#6 D:/repos/laravel-ai-honeypot/vendor/laravel/framework/src/Illuminate/Container/BoundMethod.php(36): Orchestra/Canvas/Console/MiddlewareMakeCommand->handle()
#7 D:/repos/laravel-ai-honeypot/vendor/laravel/framework/src/Illuminate/Container/Util.php(43): Illuminate/Container/BoundMethod::Illuminate/Container/{closure}()
#8 D:/repos/laravel-ai-honeypot/vendor/laravel/framework/src/Illuminate/Container/BoundMethod.php(96): Illuminate/Container/Util::unwrapIfClosure(Object(Closure))
#9 D:/repos/laravel-ai-honeypot/vendor/laravel/framework/src/Illuminate/Container/BoundMethod.php(35): Illuminate/Container/BoundMethod::callBoundMethod(Object(Illuminate/Foundation/Application), Array, Object(Closure))
#10 D:/repos/laravel-ai-honeypot/vendor/laravel/framework/src/Illuminate/Container/Container.php(799): Illuminate/Container/BoundMethod::call(Object(Illuminate/Foundation/Application), Array, Array, NULL)
#11 D:/repos/laravel-ai-honeypot/vendor/laravel/framework/src/Illuminate/Console/Command.php(211): Illuminate/Container/Container->call(Array)
#12 D:/repos/laravel-ai-honeypot/vendor/symfony/console/Command/Command.php(341): Illuminate/Console/Command->execute(Object(Symfony/Component/Console/Input/ArgvInput), Object(Illuminate/Console/OutputStyle))
#13 D:/repos/laravel-ai-honeypot/vendor/laravel/framework/src/Illuminate/Console/Command.php(180): Symfony/Component/Console/Command/Command->run(Object(Symfony/Component/Console/Input/ArgvInput), Object(Illuminate/Console/OutputStyle))
#14 D:/repos/laravel-ai-honeypot/vendor/symfony/console/Application.php(1102): Illuminate/Console/Command->run(Object(Symfony/Component/Console/Input/ArgvInput), Object(Symfony/Component/Console/Output/ConsoleOutput))
#15 D:/repos/laravel-ai-honeypot/vendor/symfony/console/Application.php(356): Symfony/Component/Console/Application->doRunCommand(Object(Orchestra/Canvas/Console/MiddlewareMakeCommand), Object(Symfony/Component/Console/Input/ArgvInput), Object(Symfony/Component/Console/Output/ConsoleOutput))
#16 D:/repos/laravel-ai-honeypot/vendor/symfony/console/Application.php(195): Symfony/Component/Console/Application->doRun(Object(Symfony/Component/Console/Input/ArgvInput), Object(Symfony/Component/Console/Output/ConsoleOutput))
#17 D:/repos/laravel-ai-honeypot/vendor/laravel/framework/src/Illuminate/Foundation/Console/Kernel.php(198): Symfony/Component/Console/Application->run(Object(Symfony/Component/Console/Input/ArgvInput), Object(Symfony/Component/Console/Output/ConsoleOutput))
#18 D:/repos/laravel-ai-honeypot/vendor/laravel/framework/src/Illuminate/Foundation/Application.php(1235): Illuminate/Foundation/Console/Kernel->handle(Object(Symfony/Component/Console/Input/ArgvInput), Object(Symfony/Component/Console/Output/ConsoleOutput))
#19 D:/repos/laravel-ai-honeypot/artisan(13): Illuminate/Foundation/Application->handleCommand(Object(Symfony/Component/Console/Input/ArgvInput))
#20 {main}
"} 
